[34mCLI[39m Building entry: src/index.ts
[34mCLI[39m Using tsconfig: tsconfig.json
[34mCLI[39m tsup v8.5.1
[34mCLI[39m Using tsup config: C:\Users\chris\Desktop\sawabona-motion-engine\tsup.config.ts
[34mCLI[39m Target: es2022
[34mCLI[39m Cleaning output folder
[34mCJS[39m Build start
[34mESM[39m Build start
[34mDTS[39m Build start
[32mCJS[39m [1mdist\index.js      [22m[32m59.96 KB[39m
[32mCJS[39m [1mdist\index.css     [22m[32m24.96 KB[39m
[32mCJS[39m [1mdist\index.js.map  [22m[32m112.08 KB[39m
[32mCJS[39m [1mdist\index.css.map [22m[32m47.78 KB[39m
[32mCJS[39m ⚡️ Build success in 576ms
[32mESM[39m [1mdist\index.mjs     [22m[32m52.50 KB[39m
[32mESM[39m [1mdist\index.css     [22m[32m24.96 KB[39m
[32mESM[39m [1mdist\index.mjs.map [22m[32m111.48 KB[39m
[32mESM[39m [1mdist\index.css.map [22m[32m47.70 KB[39m
[32mESM[39m ⚡️ Build success in 576ms
[32mDTS[39m ⚡️ Build success in 1767ms
[32mDTS[39m [1mdist\index.d.ts  [22m[32m30.71 KB[39m
[32mDTS[39m [1mdist\index.d.mts [22m[32m30.71 KB[39m
